// Jest Snapshot v1, https://goo.gl/fbAQLP

exports[`it should render a button 1`] = `
<index
  state="default"
  text="Submit"
  type="submit"
/>
`;

exports[`should render and match the snapshot 1`] = `<index />`;
