// Jest Snapshot v1, https://goo.gl/fbAQLP

exports[`it should render and match the snapshot 1`] = `null`;
